2026-05-22 20:29:58,306 - httpx - INFO - HTTP Request: GET http://testserver/admin/dashboard "HTTP/1.1 401 Unauthorized"
2026-05-22 21:43:24,816 - httpx - INFO - HTTP Request: GET http://testserver/admin/dashboard "HTTP/1.1 401 Unauthorized"
2026-05-22 21:43:24,911 - httpx - INFO - HTTP Request: POST http://testserver/admin/rooms/add "HTTP/1.1 200 OK"
2026-05-22 21:43:25,003 - httpx - INFO - HTTP Request: POST http://testserver/admin/rooms/add "HTTP/1.1 200 OK"
2026-05-22 21:43:25,011 - httpx - INFO - HTTP Request: POST http://testserver/admin/tenants/1/residents/add "HTTP/1.1 200 OK"
2026-05-22 21:43:25,014 - httpx - INFO - HTTP Request: GET http://testserver/admin/tenants/1/residents "HTTP/1.1 200 OK"
2026-05-22 21:43:25,018 - httpx - INFO - HTTP Request: POST http://testserver/admin/residents/1/edit "HTTP/1.1 200 OK"
2026-05-22 21:43:25,020 - httpx - INFO - HTTP Request: POST http://testserver/admin/residents/1/delete "HTTP/1.1 400 Bad Request"
2026-05-22 21:43:25,024 - httpx - INFO - HTTP Request: POST http://testserver/admin/tenants/1/residents/add "HTTP/1.1 200 OK"
2026-05-22 21:43:25,028 - httpx - INFO - HTTP Request: POST http://testserver/admin/residents/1/delete "HTTP/1.1 200 OK"
2026-05-22 21:43:25,120 - httpx - INFO - HTTP Request: POST http://testserver/admin/rooms/add "HTTP/1.1 200 OK"
2026-05-22 21:43:25,133 - httpx - INFO - HTTP Request: POST http://testserver/admin/meters/record "HTTP/1.1 200 OK"
2026-05-22 21:43:25,316 - httpx - INFO - HTTP Request: POST http://testserver/admin/rooms/add "HTTP/1.1 200 OK"
2026-05-22 21:43:25,318 - security - ERROR - Decryption error: Neither 'InstrumentedAttribute' object nor 'Comparator' object associated with Tenant._citizen_id has an attribute 'encode'
2026-05-22 21:43:25,322 - httpx - INFO - HTTP Request: POST http://testserver/admin/tenants/1/approve "HTTP/1.1 404 Not Found"
2026-05-22 21:43:25,415 - httpx - INFO - HTTP Request: POST http://testserver/admin/rooms/add "HTTP/1.1 200 OK"
2026-05-22 21:43:25,430 - httpx - INFO - HTTP Request: POST http://testserver/admin/invoice/1/confirm-cash "HTTP/1.1 200 OK"
2026-05-22 21:43:25,836 - security - ERROR - Decryption error: 
2026-05-22 21:43:57,502 - httpx - INFO - HTTP Request: GET http://testserver/admin/dashboard "HTTP/1.1 401 Unauthorized"
2026-05-22 21:43:57,602 - httpx - INFO - HTTP Request: POST http://testserver/admin/rooms/add "HTTP/1.1 200 OK"
2026-05-22 21:43:57,695 - httpx - INFO - HTTP Request: POST http://testserver/admin/rooms/add "HTTP/1.1 200 OK"
2026-05-22 21:43:57,704 - httpx - INFO - HTTP Request: POST http://testserver/admin/tenants/1/residents/add "HTTP/1.1 200 OK"
2026-05-22 21:43:57,706 - httpx - INFO - HTTP Request: GET http://testserver/admin/tenants/1/residents "HTTP/1.1 200 OK"
2026-05-22 21:43:57,711 - httpx - INFO - HTTP Request: POST http://testserver/admin/residents/1/edit "HTTP/1.1 200 OK"
2026-05-22 21:43:57,713 - httpx - INFO - HTTP Request: POST http://testserver/admin/residents/1/delete "HTTP/1.1 400 Bad Request"
2026-05-22 21:43:57,716 - httpx - INFO - HTTP Request: POST http://testserver/admin/tenants/1/residents/add "HTTP/1.1 200 OK"
2026-05-22 21:43:57,720 - httpx - INFO - HTTP Request: POST http://testserver/admin/residents/1/delete "HTTP/1.1 200 OK"
2026-05-22 21:43:57,813 - httpx - INFO - HTTP Request: POST http://testserver/admin/rooms/add "HTTP/1.1 200 OK"
2026-05-22 21:43:57,827 - httpx - INFO - HTTP Request: POST http://testserver/admin/meters/record "HTTP/1.1 200 OK"
2026-05-22 21:43:57,921 - httpx - INFO - HTTP Request: POST http://testserver/admin/rooms/add "HTTP/1.1 200 OK"
2026-05-22 21:43:57,933 - httpx - INFO - HTTP Request: POST http://testserver/admin/registration/1/request-payment "HTTP/1.1 200 OK"
2026-05-22 21:43:58,024 - httpx - INFO - HTTP Request: POST http://testserver/admin/rooms/add "HTTP/1.1 200 OK"
2026-05-22 21:43:58,039 - httpx - INFO - HTTP Request: POST http://testserver/admin/invoice/1/confirm-cash "HTTP/1.1 200 OK"
2026-05-22 21:43:58,448 - security - ERROR - Decryption error: 
2026-05-22 21:44:03,131 - httpx - INFO - HTTP Request: GET http://testserver/ "HTTP/1.1 200 OK"
2026-05-22 21:44:03,223 - httpx - INFO - HTTP Request: GET http://testserver/admin/dashboard "HTTP/1.1 401 Unauthorized"
2026-05-22 21:44:03,321 - httpx - INFO - HTTP Request: POST http://testserver/admin/rooms/add "HTTP/1.1 200 OK"
2026-05-22 21:44:03,414 - httpx - INFO - HTTP Request: POST http://testserver/admin/rooms/add "HTTP/1.1 200 OK"
2026-05-22 21:44:03,423 - httpx - INFO - HTTP Request: POST http://testserver/admin/tenants/1/residents/add "HTTP/1.1 200 OK"
2026-05-22 21:44:03,427 - httpx - INFO - HTTP Request: GET http://testserver/admin/tenants/1/residents "HTTP/1.1 200 OK"
2026-05-22 21:44:03,432 - httpx - INFO - HTTP Request: POST http://testserver/admin/residents/1/edit "HTTP/1.1 200 OK"
2026-05-22 21:44:03,436 - httpx - INFO - HTTP Request: POST http://testserver/admin/residents/1/delete "HTTP/1.1 400 Bad Request"
2026-05-22 21:44:03,439 - httpx - INFO - HTTP Request: POST http://testserver/admin/tenants/1/residents/add "HTTP/1.1 200 OK"
2026-05-22 21:44:03,444 - httpx - INFO - HTTP Request: POST http://testserver/admin/residents/1/delete "HTTP/1.1 200 OK"
2026-05-22 21:44:03,535 - httpx - INFO - HTTP Request: POST http://testserver/admin/rooms/add "HTTP/1.1 200 OK"
2026-05-22 21:44:03,550 - httpx - INFO - HTTP Request: POST http://testserver/admin/meters/record "HTTP/1.1 200 OK"
2026-05-22 21:44:03,642 - httpx - INFO - HTTP Request: GET http://testserver/bill/non_existent_uuid "HTTP/1.1 404 Not Found"
2026-05-22 21:44:03,644 - httpx - INFO - HTTP Request: GET http://testserver/bill/non_existent_uuid?lang=en "HTTP/1.1 404 Not Found"
2026-05-22 21:44:03,646 - httpx - INFO - HTTP Request: GET http://testserver/bill/non_existent_uuid?lang=jp "HTTP/1.1 404 Not Found"
2026-05-22 21:44:03,738 - httpx - INFO - HTTP Request: POST http://testserver/admin/rooms/add "HTTP/1.1 200 OK"
2026-05-22 21:44:03,752 - httpx - INFO - HTTP Request: POST http://testserver/admin/invoice/1/confirm-cash "HTTP/1.1 200 OK"
2026-05-22 21:44:03,875 - httpx - INFO - HTTP Request: POST http://testserver/register/8dd00756-5416-4629-9425-80f836206fe5 "HTTP/1.1 200 OK"
2026-05-22 21:44:03,888 - httpx - INFO - HTTP Request: POST http://testserver/admin/registration/1/request-payment "HTTP/1.1 200 OK"
2026-05-22 21:44:03,897 - httpx - INFO - HTTP Request: POST http://testserver/admin/invoice/1/approve "HTTP/1.1 200 OK"
2026-05-22 21:44:03,970 - httpx - INFO - HTTP Request: POST http://testserver/repair/submit "HTTP/1.1 200 OK"
2026-05-22 21:44:03,976 - httpx - INFO - HTTP Request: POST http://testserver/repair/submit "HTTP/1.1 200 OK"
2026-05-22 21:44:03,995 - httpx - INFO - HTTP Request: POST http://testserver/admin/rooms/add "HTTP/1.1 200 OK"
2026-05-22 21:44:03,997 - httpx - INFO - HTTP Request: POST http://testserver/admin/rooms/add "HTTP/1.1 200 OK"
2026-05-22 21:44:04,015 - httpx - INFO - HTTP Request: POST http://testserver/admin/rooms/add "HTTP/1.1 200 OK"
2026-05-22 21:44:04,016 - httpx - INFO - HTTP Request: POST http://testserver/admin/rooms/add "HTTP/1.1 400 Bad Request"
2026-05-22 21:44:04,036 - httpx - INFO - HTTP Request: POST http://testserver/admin/rooms/add "HTTP/1.1 200 OK"
2026-05-22 21:44:04,037 - httpx - INFO - HTTP Request: POST http://testserver/admin/rooms/add "HTTP/1.1 200 OK"
2026-05-22 21:44:04,040 - httpx - INFO - HTTP Request: POST http://testserver/admin/rooms/2/edit "HTTP/1.1 400 Bad Request"
2026-05-22 21:44:04,058 - httpx - INFO - HTTP Request: POST http://testserver/admin/rooms/add "HTTP/1.1 200 OK"
2026-05-22 21:44:04,060 - httpx - INFO - HTTP Request: POST http://testserver/admin/rooms/add "HTTP/1.1 200 OK"
2026-05-22 21:44:04,062 - httpx - INFO - HTTP Request: POST http://testserver/admin/rooms/2/edit "HTTP/1.1 200 OK"
2026-05-22 21:44:04,128 - httpx - INFO - HTTP Request: POST http://testserver/admin/settings/save "HTTP/1.1 200 OK"
2026-05-22 21:44:04,201 - httpx - INFO - HTTP Request: GET http://testserver/admin/dashboard "HTTP/1.1 401 Unauthorized"
2026-05-22 21:44:04,295 - httpx - INFO - HTTP Request: POST http://testserver/admin/rooms/add "HTTP/1.1 200 OK"
2026-05-22 21:44:04,387 - httpx - INFO - HTTP Request: POST http://testserver/admin/rooms/add "HTTP/1.1 200 OK"
2026-05-22 21:44:04,395 - httpx - INFO - HTTP Request: POST http://testserver/admin/tenants/1/residents/add "HTTP/1.1 200 OK"
2026-05-22 21:44:04,398 - httpx - INFO - HTTP Request: GET http://testserver/admin/tenants/1/residents "HTTP/1.1 200 OK"
2026-05-22 21:44:04,401 - httpx - INFO - HTTP Request: POST http://testserver/admin/residents/1/edit "HTTP/1.1 200 OK"
2026-05-22 21:44:04,403 - httpx - INFO - HTTP Request: POST http://testserver/admin/residents/1/delete "HTTP/1.1 400 Bad Request"
2026-05-22 21:44:04,406 - httpx - INFO - HTTP Request: POST http://testserver/admin/tenants/1/residents/add "HTTP/1.1 200 OK"
2026-05-22 21:44:04,410 - httpx - INFO - HTTP Request: POST http://testserver/admin/residents/1/delete "HTTP/1.1 200 OK"
2026-05-22 21:44:04,502 - httpx - INFO - HTTP Request: POST http://testserver/admin/rooms/add "HTTP/1.1 200 OK"
2026-05-22 21:44:04,515 - httpx - INFO - HTTP Request: POST http://testserver/admin/meters/record "HTTP/1.1 200 OK"
2026-05-22 21:44:04,611 - httpx - INFO - HTTP Request: POST http://testserver/admin/rooms/add "HTTP/1.1 200 OK"
2026-05-22 21:44:04,623 - httpx - INFO - HTTP Request: POST http://testserver/admin/registration/1/request-payment "HTTP/1.1 200 OK"
2026-05-22 21:44:04,717 - httpx - INFO - HTTP Request: POST http://testserver/admin/rooms/add "HTTP/1.1 200 OK"
2026-05-22 21:44:04,730 - httpx - INFO - HTTP Request: POST http://testserver/admin/invoice/1/confirm-cash "HTTP/1.1 200 OK"
2026-05-22 21:44:05,129 - security - ERROR - Decryption error: 
2026-05-22 21:46:25,312 - httpx - INFO - HTTP Request: GET http://testserver/admin/dashboard "HTTP/1.1 401 Unauthorized"
2026-05-22 21:46:25,414 - httpx - INFO - HTTP Request: POST http://testserver/admin/rooms/add "HTTP/1.1 200 OK"
2026-05-22 21:46:25,507 - httpx - INFO - HTTP Request: POST http://testserver/admin/rooms/add "HTTP/1.1 200 OK"
2026-05-22 21:46:25,516 - httpx - INFO - HTTP Request: POST http://testserver/admin/tenants/1/residents/add "HTTP/1.1 200 OK"
2026-05-22 21:46:25,518 - httpx - INFO - HTTP Request: GET http://testserver/admin/tenants/1/residents "HTTP/1.1 200 OK"
2026-05-22 21:46:25,523 - httpx - INFO - HTTP Request: POST http://testserver/admin/residents/1/edit "HTTP/1.1 200 OK"
2026-05-22 21:46:25,525 - httpx - INFO - HTTP Request: POST http://testserver/admin/residents/1/delete "HTTP/1.1 400 Bad Request"
2026-05-22 21:46:25,528 - httpx - INFO - HTTP Request: POST http://testserver/admin/tenants/1/residents/add "HTTP/1.1 200 OK"
2026-05-22 21:46:25,531 - httpx - INFO - HTTP Request: POST http://testserver/admin/residents/1/delete "HTTP/1.1 200 OK"
2026-05-22 21:46:25,624 - httpx - INFO - HTTP Request: POST http://testserver/admin/rooms/add "HTTP/1.1 200 OK"
2026-05-22 21:46:25,639 - httpx - INFO - HTTP Request: POST http://testserver/admin/meters/record "HTTP/1.1 200 OK"
2026-05-22 21:46:25,734 - httpx - INFO - HTTP Request: GET http://testserver/ "HTTP/1.1 200 OK"
2026-05-22 21:46:25,828 - httpx - INFO - HTTP Request: GET http://testserver/admin/dashboard "HTTP/1.1 401 Unauthorized"
2026-05-22 21:46:25,933 - httpx - INFO - HTTP Request: POST http://testserver/admin/rooms/add "HTTP/1.1 200 OK"
2026-05-22 21:46:26,024 - httpx - INFO - HTTP Request: POST http://testserver/admin/rooms/add "HTTP/1.1 200 OK"
2026-05-22 21:46:26,033 - httpx - INFO - HTTP Request: POST http://testserver/admin/tenants/1/residents/add "HTTP/1.1 200 OK"
2026-05-22 21:46:26,036 - httpx - INFO - HTTP Request: GET http://testserver/admin/tenants/1/residents "HTTP/1.1 200 OK"
2026-05-22 21:46:26,040 - httpx - INFO - HTTP Request: POST http://testserver/admin/residents/1/edit "HTTP/1.1 200 OK"
2026-05-22 21:46:26,043 - httpx - INFO - HTTP Request: POST http://testserver/admin/residents/1/delete "HTTP/1.1 400 Bad Request"
2026-05-22 21:46:26,048 - httpx - INFO - HTTP Request: POST http://testserver/admin/tenants/1/residents/add "HTTP/1.1 200 OK"
2026-05-22 21:46:26,052 - httpx - INFO - HTTP Request: POST http://testserver/admin/residents/1/delete "HTTP/1.1 200 OK"
2026-05-22 21:46:26,142 - httpx - INFO - HTTP Request: POST http://testserver/admin/rooms/add "HTTP/1.1 200 OK"
2026-05-22 21:46:26,156 - httpx - INFO - HTTP Request: POST http://testserver/admin/meters/record "HTTP/1.1 200 OK"
2026-05-22 21:46:26,249 - httpx - INFO - HTTP Request: GET http://testserver/bill/non_existent_uuid "HTTP/1.1 404 Not Found"
2026-05-22 21:46:26,251 - httpx - INFO - HTTP Request: GET http://testserver/bill/non_existent_uuid?lang=en "HTTP/1.1 404 Not Found"
2026-05-22 21:46:26,254 - httpx - INFO - HTTP Request: GET http://testserver/bill/non_existent_uuid?lang=jp "HTTP/1.1 404 Not Found"
2026-05-22 21:46:26,346 - httpx - INFO - HTTP Request: POST http://testserver/admin/rooms/add "HTTP/1.1 200 OK"
2026-05-22 21:46:26,361 - httpx - INFO - HTTP Request: POST http://testserver/admin/invoice/1/confirm-cash "HTTP/1.1 200 OK"
2026-05-22 21:46:26,481 - httpx - INFO - HTTP Request: POST http://testserver/register/54b11761-105d-468b-b6f2-5cc4ff3b5e65 "HTTP/1.1 200 OK"
2026-05-22 21:46:26,495 - httpx - INFO - HTTP Request: POST http://testserver/admin/registration/1/request-payment "HTTP/1.1 200 OK"
2026-05-22 21:46:26,505 - httpx - INFO - HTTP Request: POST http://testserver/admin/invoice/1/approve "HTTP/1.1 200 OK"
2026-05-22 21:46:26,582 - httpx - INFO - HTTP Request: POST http://testserver/repair/submit "HTTP/1.1 200 OK"
2026-05-22 21:46:26,588 - httpx - INFO - HTTP Request: POST http://testserver/repair/submit "HTTP/1.1 200 OK"
2026-05-22 21:46:26,656 - httpx - INFO - HTTP Request: POST http://testserver/admin/rooms/add "HTTP/1.1 200 OK"
2026-05-22 21:46:26,658 - httpx - INFO - HTTP Request: POST http://testserver/admin/rooms/add "HTTP/1.1 200 OK"
2026-05-22 21:46:26,678 - httpx - INFO - HTTP Request: POST http://testserver/admin/rooms/add "HTTP/1.1 200 OK"
2026-05-22 21:46:26,679 - httpx - INFO - HTTP Request: POST http://testserver/admin/rooms/add "HTTP/1.1 400 Bad Request"
2026-05-22 21:46:26,698 - httpx - INFO - HTTP Request: POST http://testserver/admin/rooms/add "HTTP/1.1 200 OK"
2026-05-22 21:46:26,700 - httpx - INFO - HTTP Request: POST http://testserver/admin/rooms/add "HTTP/1.1 200 OK"
2026-05-22 21:46:26,703 - httpx - INFO - HTTP Request: POST http://testserver/admin/rooms/2/edit "HTTP/1.1 400 Bad Request"
2026-05-22 21:46:26,722 - httpx - INFO - HTTP Request: POST http://testserver/admin/rooms/add "HTTP/1.1 200 OK"
2026-05-22 21:46:26,724 - httpx - INFO - HTTP Request: POST http://testserver/admin/rooms/add "HTTP/1.1 200 OK"
2026-05-22 21:46:26,726 - httpx - INFO - HTTP Request: POST http://testserver/admin/rooms/2/edit "HTTP/1.1 200 OK"
2026-05-22 21:46:26,795 - httpx - INFO - HTTP Request: POST http://testserver/admin/settings/save "HTTP/1.1 200 OK"
2026-05-22 21:46:26,868 - httpx - INFO - HTTP Request: POST http://testserver/admin/rooms/add "HTTP/1.1 200 OK"
2026-05-22 21:46:26,881 - httpx - INFO - HTTP Request: POST http://testserver/admin/registration/1/request-payment "HTTP/1.1 200 OK"
2026-05-22 21:46:26,979 - httpx - INFO - HTTP Request: POST http://testserver/admin/rooms/add "HTTP/1.1 200 OK"
2026-05-22 21:46:26,992 - httpx - INFO - HTTP Request: POST http://testserver/admin/invoice/1/confirm-cash "HTTP/1.1 200 OK"
2026-05-22 21:46:27,394 - security - ERROR - Decryption error: 
2026-05-22 21:47:10,749 - httpx - INFO - HTTP Request: GET http://testserver/admin/dashboard "HTTP/1.1 401 Unauthorized"
2026-05-22 21:47:10,846 - httpx - INFO - HTTP Request: POST http://testserver/admin/rooms/add "HTTP/1.1 200 OK"
2026-05-22 21:47:10,939 - httpx - INFO - HTTP Request: POST http://testserver/admin/rooms/add "HTTP/1.1 200 OK"
2026-05-22 21:47:10,948 - httpx - INFO - HTTP Request: POST http://testserver/admin/tenants/1/residents/add "HTTP/1.1 200 OK"
2026-05-22 21:47:10,951 - httpx - INFO - HTTP Request: GET http://testserver/admin/tenants/1/residents "HTTP/1.1 200 OK"
2026-05-22 21:47:10,955 - httpx - INFO - HTTP Request: POST http://testserver/admin/residents/1/edit "HTTP/1.1 200 OK"
2026-05-22 21:47:10,958 - httpx - INFO - HTTP Request: POST http://testserver/admin/residents/1/delete "HTTP/1.1 400 Bad Request"
2026-05-22 21:47:10,961 - httpx - INFO - HTTP Request: POST http://testserver/admin/tenants/1/residents/add "HTTP/1.1 200 OK"
2026-05-22 21:47:10,964 - httpx - INFO - HTTP Request: POST http://testserver/admin/residents/1/delete "HTTP/1.1 200 OK"
2026-05-22 21:47:11,058 - httpx - INFO - HTTP Request: POST http://testserver/admin/rooms/add "HTTP/1.1 200 OK"
2026-05-22 21:47:11,073 - httpx - INFO - HTTP Request: POST http://testserver/admin/meters/record "HTTP/1.1 200 OK"
2026-05-22 21:47:11,163 - httpx - INFO - HTTP Request: GET http://testserver/ "HTTP/1.1 200 OK"
2026-05-22 21:47:11,253 - httpx - INFO - HTTP Request: GET http://testserver/admin/dashboard "HTTP/1.1 401 Unauthorized"
2026-05-22 21:47:11,350 - httpx - INFO - HTTP Request: POST http://testserver/admin/rooms/add "HTTP/1.1 200 OK"
2026-05-22 21:47:11,442 - httpx - INFO - HTTP Request: POST http://testserver/admin/rooms/add "HTTP/1.1 200 OK"
2026-05-22 21:47:11,452 - httpx - INFO - HTTP Request: POST http://testserver/admin/tenants/1/residents/add "HTTP/1.1 200 OK"
2026-05-22 21:47:11,455 - httpx - INFO - HTTP Request: GET http://testserver/admin/tenants/1/residents "HTTP/1.1 200 OK"
2026-05-22 21:47:11,459 - httpx - INFO - HTTP Request: POST http://testserver/admin/residents/1/edit "HTTP/1.1 200 OK"
2026-05-22 21:47:11,462 - httpx - INFO - HTTP Request: POST http://testserver/admin/residents/1/delete "HTTP/1.1 400 Bad Request"
2026-05-22 21:47:11,466 - httpx - INFO - HTTP Request: POST http://testserver/admin/tenants/1/residents/add "HTTP/1.1 200 OK"
2026-05-22 21:47:11,470 - httpx - INFO - HTTP Request: POST http://testserver/admin/residents/1/delete "HTTP/1.1 200 OK"
2026-05-22 21:47:11,565 - httpx - INFO - HTTP Request: POST http://testserver/admin/rooms/add "HTTP/1.1 200 OK"
2026-05-22 21:47:11,579 - httpx - INFO - HTTP Request: POST http://testserver/admin/meters/record "HTTP/1.1 200 OK"
2026-05-22 21:47:11,675 - httpx - INFO - HTTP Request: GET http://testserver/bill/non_existent_uuid "HTTP/1.1 404 Not Found"
2026-05-22 21:47:11,677 - httpx - INFO - HTTP Request: GET http://testserver/bill/non_existent_uuid?lang=en "HTTP/1.1 404 Not Found"
2026-05-22 21:47:11,679 - httpx - INFO - HTTP Request: GET http://testserver/bill/non_existent_uuid?lang=jp "HTTP/1.1 404 Not Found"
2026-05-22 21:47:11,773 - httpx - INFO - HTTP Request: POST http://testserver/admin/rooms/add "HTTP/1.1 200 OK"
2026-05-22 21:47:12,132 - main - ERROR - Error creating personal rich menu: {"message":"Authentication failed. Confirm that the access token in the authorization header is valid."}
2026-05-22 21:47:12,143 - httpx - INFO - HTTP Request: POST http://testserver/admin/invoice/1/confirm-cash "HTTP/1.1 200 OK"
2026-05-22 21:47:12,260 - httpx - INFO - HTTP Request: POST http://testserver/register/32a4983b-3635-4889-92a7-4d9af8d5bbbf "HTTP/1.1 200 OK"
2026-05-22 21:47:12,272 - httpx - INFO - HTTP Request: POST http://testserver/admin/registration/1/request-payment "HTTP/1.1 200 OK"
2026-05-22 21:47:12,284 - httpx - INFO - HTTP Request: POST http://testserver/admin/invoice/1/approve "HTTP/1.1 200 OK"
2026-05-22 21:47:12,358 - httpx - INFO - HTTP Request: POST http://testserver/repair/submit "HTTP/1.1 200 OK"
2026-05-22 21:47:12,364 - httpx - INFO - HTTP Request: POST http://testserver/repair/submit "HTTP/1.1 200 OK"
2026-05-22 21:47:12,383 - httpx - INFO - HTTP Request: POST http://testserver/admin/rooms/add "HTTP/1.1 200 OK"
2026-05-22 21:47:12,385 - httpx - INFO - HTTP Request: POST http://testserver/admin/rooms/add "HTTP/1.1 200 OK"
2026-05-22 21:47:12,404 - httpx - INFO - HTTP Request: POST http://testserver/admin/rooms/add "HTTP/1.1 200 OK"
2026-05-22 21:47:12,406 - httpx - INFO - HTTP Request: POST http://testserver/admin/rooms/add "HTTP/1.1 400 Bad Request"
2026-05-22 21:47:12,424 - httpx - INFO - HTTP Request: POST http://testserver/admin/rooms/add "HTTP/1.1 200 OK"
2026-05-22 21:47:12,426 - httpx - INFO - HTTP Request: POST http://testserver/admin/rooms/add "HTTP/1.1 200 OK"
2026-05-22 21:47:12,429 - httpx - INFO - HTTP Request: POST http://testserver/admin/rooms/2/edit "HTTP/1.1 400 Bad Request"
2026-05-22 21:47:12,448 - httpx - INFO - HTTP Request: POST http://testserver/admin/rooms/add "HTTP/1.1 200 OK"
2026-05-22 21:47:12,450 - httpx - INFO - HTTP Request: POST http://testserver/admin/rooms/add "HTTP/1.1 200 OK"
2026-05-22 21:47:12,452 - httpx - INFO - HTTP Request: POST http://testserver/admin/rooms/2/edit "HTTP/1.1 200 OK"
2026-05-22 21:47:12,517 - httpx - INFO - HTTP Request: POST http://testserver/admin/settings/save "HTTP/1.1 200 OK"
2026-05-22 21:47:12,586 - httpx - INFO - HTTP Request: POST http://testserver/admin/rooms/add "HTTP/1.1 200 OK"
2026-05-22 21:47:12,597 - httpx - INFO - HTTP Request: POST http://testserver/admin/registration/1/request-payment "HTTP/1.1 200 OK"
2026-05-22 21:47:12,691 - httpx - INFO - HTTP Request: POST http://testserver/admin/rooms/add "HTTP/1.1 200 OK"
2026-05-22 21:47:12,705 - httpx - INFO - HTTP Request: POST http://testserver/admin/invoice/1/confirm-cash "HTTP/1.1 200 OK"
2026-05-22 21:47:13,132 - security - ERROR - Decryption error: 
2026-05-22 21:48:06,603 - httpx - INFO - HTTP Request: GET http://testserver/admin/dashboard "HTTP/1.1 401 Unauthorized"
2026-05-22 21:48:06,739 - httpx - INFO - HTTP Request: POST http://testserver/admin/rooms/add "HTTP/1.1 200 OK"
2026-05-22 21:48:06,860 - httpx - INFO - HTTP Request: POST http://testserver/admin/rooms/add "HTTP/1.1 200 OK"
2026-05-22 21:48:06,869 - httpx - INFO - HTTP Request: POST http://testserver/admin/tenants/1/residents/add "HTTP/1.1 200 OK"
2026-05-22 21:48:06,871 - httpx - INFO - HTTP Request: GET http://testserver/admin/tenants/1/residents "HTTP/1.1 200 OK"
2026-05-22 21:48:06,875 - httpx - INFO - HTTP Request: POST http://testserver/admin/residents/1/edit "HTTP/1.1 200 OK"
2026-05-22 21:48:06,878 - httpx - INFO - HTTP Request: POST http://testserver/admin/residents/1/delete "HTTP/1.1 400 Bad Request"
2026-05-22 21:48:06,882 - httpx - INFO - HTTP Request: POST http://testserver/admin/tenants/1/residents/add "HTTP/1.1 200 OK"
2026-05-22 21:48:06,885 - httpx - INFO - HTTP Request: POST http://testserver/admin/residents/1/delete "HTTP/1.1 200 OK"
2026-05-22 21:48:06,979 - httpx - INFO - HTTP Request: POST http://testserver/admin/rooms/add "HTTP/1.1 200 OK"
2026-05-22 21:48:06,995 - httpx - INFO - HTTP Request: POST http://testserver/admin/meters/record "HTTP/1.1 200 OK"
2026-05-22 21:48:07,217 - httpx - INFO - HTTP Request: GET http://testserver/admin/dashboard "HTTP/1.1 401 Unauthorized"
2026-05-22 21:48:07,375 - httpx - INFO - HTTP Request: GET http://testserver/ "HTTP/1.1 200 OK"
2026-05-22 21:48:07,466 - httpx - INFO - HTTP Request: GET http://testserver/admin/dashboard "HTTP/1.1 401 Unauthorized"
2026-05-22 21:48:07,558 - httpx - INFO - HTTP Request: POST http://testserver/admin/rooms/add "HTTP/1.1 200 OK"
2026-05-22 21:48:07,650 - httpx - INFO - HTTP Request: POST http://testserver/admin/rooms/add "HTTP/1.1 200 OK"
2026-05-22 21:48:07,659 - httpx - INFO - HTTP Request: POST http://testserver/admin/tenants/1/residents/add "HTTP/1.1 200 OK"
2026-05-22 21:48:07,663 - httpx - INFO - HTTP Request: GET http://testserver/admin/tenants/1/residents "HTTP/1.1 200 OK"
2026-05-22 21:48:07,667 - httpx - INFO - HTTP Request: POST http://testserver/admin/residents/1/edit "HTTP/1.1 200 OK"
2026-05-22 21:48:07,670 - httpx - INFO - HTTP Request: POST http://testserver/admin/residents/1/delete "HTTP/1.1 400 Bad Request"
2026-05-22 21:48:07,675 - httpx - INFO - HTTP Request: POST http://testserver/admin/tenants/1/residents/add "HTTP/1.1 200 OK"
2026-05-22 21:48:07,679 - httpx - INFO - HTTP Request: POST http://testserver/admin/residents/1/delete "HTTP/1.1 200 OK"
2026-05-22 21:48:07,777 - httpx - INFO - HTTP Request: POST http://testserver/admin/rooms/add "HTTP/1.1 200 OK"
2026-05-22 21:48:07,790 - httpx - INFO - HTTP Request: POST http://testserver/admin/meters/record "HTTP/1.1 200 OK"
2026-05-22 21:48:07,889 - httpx - INFO - HTTP Request: GET http://testserver/bill/non_existent_uuid "HTTP/1.1 404 Not Found"
2026-05-22 21:48:07,892 - httpx - INFO - HTTP Request: GET http://testserver/bill/non_existent_uuid?lang=en "HTTP/1.1 404 Not Found"
2026-05-22 21:48:07,894 - httpx - INFO - HTTP Request: GET http://testserver/bill/non_existent_uuid?lang=jp "HTTP/1.1 404 Not Found"
2026-05-22 21:48:07,991 - httpx - INFO - HTTP Request: POST http://testserver/admin/rooms/add "HTTP/1.1 200 OK"
2026-05-22 21:48:08,491 - main - ERROR - Error creating personal rich menu: {"message":"Authentication failed. Confirm that the access token in the authorization header is valid."}
2026-05-22 21:48:08,505 - httpx - INFO - HTTP Request: POST http://testserver/admin/invoice/1/confirm-cash "HTTP/1.1 200 OK"
2026-05-22 21:48:08,629 - httpx - INFO - HTTP Request: POST http://testserver/register/9d9e484c-57d1-4500-8b46-97465e99d959 "HTTP/1.1 200 OK"
2026-05-22 21:48:08,641 - httpx - INFO - HTTP Request: POST http://testserver/admin/registration/1/request-payment "HTTP/1.1 200 OK"
2026-05-22 21:48:08,651 - httpx - INFO - HTTP Request: POST http://testserver/admin/invoice/1/approve "HTTP/1.1 200 OK"
2026-05-22 21:48:08,726 - httpx - INFO - HTTP Request: POST http://testserver/repair/submit "HTTP/1.1 200 OK"
2026-05-22 21:48:08,732 - httpx - INFO - HTTP Request: POST http://testserver/repair/submit "HTTP/1.1 200 OK"
2026-05-22 21:48:08,752 - httpx - INFO - HTTP Request: POST http://testserver/admin/rooms/add "HTTP/1.1 200 OK"
2026-05-22 21:48:08,754 - httpx - INFO - HTTP Request: POST http://testserver/admin/rooms/add "HTTP/1.1 200 OK"
2026-05-22 21:48:08,772 - httpx - INFO - HTTP Request: POST http://testserver/admin/rooms/add "HTTP/1.1 200 OK"
2026-05-22 21:48:08,774 - httpx - INFO - HTTP Request: POST http://testserver/admin/rooms/add "HTTP/1.1 400 Bad Request"
2026-05-22 21:48:08,793 - httpx - INFO - HTTP Request: POST http://testserver/admin/rooms/add "HTTP/1.1 200 OK"
2026-05-22 21:48:08,794 - httpx - INFO - HTTP Request: POST http://testserver/admin/rooms/add "HTTP/1.1 200 OK"
2026-05-22 21:48:08,797 - httpx - INFO - HTTP Request: POST http://testserver/admin/rooms/2/edit "HTTP/1.1 400 Bad Request"
2026-05-22 21:48:08,815 - httpx - INFO - HTTP Request: POST http://testserver/admin/rooms/add "HTTP/1.1 200 OK"
2026-05-22 21:48:08,817 - httpx - INFO - HTTP Request: POST http://testserver/admin/rooms/add "HTTP/1.1 200 OK"
2026-05-22 21:48:08,819 - httpx - INFO - HTTP Request: POST http://testserver/admin/rooms/2/edit "HTTP/1.1 200 OK"
2026-05-22 21:48:09,464 - httpx - INFO - HTTP Request: POST http://testserver/admin/settings/save "HTTP/1.1 200 OK"
2026-05-22 21:48:09,536 - httpx - INFO - HTTP Request: POST http://testserver/admin/rooms/add "HTTP/1.1 200 OK"
2026-05-22 21:48:09,550 - httpx - INFO - HTTP Request: POST http://testserver/admin/registration/1/request-payment "HTTP/1.1 200 OK"
2026-05-22 21:48:09,644 - httpx - INFO - HTTP Request: POST http://testserver/admin/rooms/add "HTTP/1.1 200 OK"
2026-05-22 21:48:09,658 - httpx - INFO - HTTP Request: POST http://testserver/admin/invoice/1/confirm-cash "HTTP/1.1 200 OK"
2026-05-22 21:48:10,073 - security - ERROR - Decryption error: 
2026-05-22 21:48:50,059 - httpx - INFO - HTTP Request: GET http://testserver/admin/dashboard "HTTP/1.1 401 Unauthorized"
2026-05-22 21:48:50,157 - httpx - INFO - HTTP Request: POST http://testserver/admin/rooms/add "HTTP/1.1 200 OK"
2026-05-22 21:48:50,250 - httpx - INFO - HTTP Request: POST http://testserver/admin/rooms/add "HTTP/1.1 200 OK"
2026-05-22 21:48:50,258 - httpx - INFO - HTTP Request: POST http://testserver/admin/tenants/1/residents/add "HTTP/1.1 200 OK"
2026-05-22 21:48:50,261 - httpx - INFO - HTTP Request: GET http://testserver/admin/tenants/1/residents "HTTP/1.1 200 OK"
2026-05-22 21:48:50,266 - httpx - INFO - HTTP Request: POST http://testserver/admin/residents/1/edit "HTTP/1.1 200 OK"
2026-05-22 21:48:50,269 - httpx - INFO - HTTP Request: POST http://testserver/admin/residents/1/delete "HTTP/1.1 400 Bad Request"
2026-05-22 21:48:50,272 - httpx - INFO - HTTP Request: POST http://testserver/admin/tenants/1/residents/add "HTTP/1.1 200 OK"
2026-05-22 21:48:50,275 - httpx - INFO - HTTP Request: POST http://testserver/admin/residents/1/delete "HTTP/1.1 200 OK"
2026-05-22 21:48:50,369 - httpx - INFO - HTTP Request: POST http://testserver/admin/rooms/add "HTTP/1.1 200 OK"
2026-05-22 21:48:50,385 - httpx - INFO - HTTP Request: POST http://testserver/admin/meters/record "HTTP/1.1 200 OK"
2026-05-22 21:48:50,477 - httpx - INFO - HTTP Request: GET http://testserver/ "HTTP/1.1 200 OK"
2026-05-22 21:48:50,566 - httpx - INFO - HTTP Request: GET http://testserver/admin/dashboard "HTTP/1.1 401 Unauthorized"
2026-05-22 21:48:50,659 - httpx - INFO - HTTP Request: POST http://testserver/admin/rooms/add "HTTP/1.1 200 OK"
2026-05-22 21:48:50,751 - httpx - INFO - HTTP Request: POST http://testserver/admin/rooms/add "HTTP/1.1 200 OK"
2026-05-22 21:48:50,760 - httpx - INFO - HTTP Request: POST http://testserver/admin/tenants/1/residents/add "HTTP/1.1 200 OK"
2026-05-22 21:48:50,763 - httpx - INFO - HTTP Request: GET http://testserver/admin/tenants/1/residents "HTTP/1.1 200 OK"
2026-05-22 21:48:50,768 - httpx - INFO - HTTP Request: POST http://testserver/admin/residents/1/edit "HTTP/1.1 200 OK"
2026-05-22 21:48:50,772 - httpx - INFO - HTTP Request: POST http://testserver/admin/residents/1/delete "HTTP/1.1 400 Bad Request"
2026-05-22 21:48:50,775 - httpx - INFO - HTTP Request: POST http://testserver/admin/tenants/1/residents/add "HTTP/1.1 200 OK"
2026-05-22 21:48:50,780 - httpx - INFO - HTTP Request: POST http://testserver/admin/residents/1/delete "HTTP/1.1 200 OK"
2026-05-22 21:48:50,872 - httpx - INFO - HTTP Request: POST http://testserver/admin/rooms/add "HTTP/1.1 200 OK"
2026-05-22 21:48:50,886 - httpx - INFO - HTTP Request: POST http://testserver/admin/meters/record "HTTP/1.1 200 OK"
2026-05-22 21:48:50,978 - httpx - INFO - HTTP Request: GET http://testserver/bill/non_existent_uuid "HTTP/1.1 404 Not Found"
2026-05-22 21:48:50,980 - httpx - INFO - HTTP Request: GET http://testserver/bill/non_existent_uuid?lang=en "HTTP/1.1 404 Not Found"
2026-05-22 21:48:50,982 - httpx - INFO - HTTP Request: GET http://testserver/bill/non_existent_uuid?lang=jp "HTTP/1.1 404 Not Found"
2026-05-22 21:48:51,077 - httpx - INFO - HTTP Request: POST http://testserver/admin/rooms/add "HTTP/1.1 200 OK"
2026-05-22 21:48:51,388 - main - ERROR - Error creating personal rich menu: {"message":"Authentication failed. Confirm that the access token in the authorization header is valid."}
2026-05-22 21:48:51,399 - httpx - INFO - HTTP Request: POST http://testserver/admin/invoice/1/confirm-cash "HTTP/1.1 200 OK"
2026-05-22 21:48:51,518 - httpx - INFO - HTTP Request: POST http://testserver/register/8debf141-6dd3-4206-b5f5-8f95cdc00c00 "HTTP/1.1 200 OK"
2026-05-22 21:48:51,531 - httpx - INFO - HTTP Request: POST http://testserver/admin/registration/1/request-payment "HTTP/1.1 200 OK"
2026-05-22 21:48:51,541 - httpx - INFO - HTTP Request: POST http://testserver/admin/invoice/1/approve "HTTP/1.1 200 OK"
2026-05-22 21:48:51,618 - httpx - INFO - HTTP Request: POST http://testserver/repair/submit "HTTP/1.1 200 OK"
2026-05-22 21:48:51,624 - httpx - INFO - HTTP Request: POST http://testserver/repair/submit "HTTP/1.1 200 OK"
2026-05-22 21:48:51,642 - httpx - INFO - HTTP Request: POST http://testserver/admin/rooms/add "HTTP/1.1 200 OK"
2026-05-22 21:48:51,644 - httpx - INFO - HTTP Request: POST http://testserver/admin/rooms/add "HTTP/1.1 200 OK"
2026-05-22 21:48:51,663 - httpx - INFO - HTTP Request: POST http://testserver/admin/rooms/add "HTTP/1.1 200 OK"
2026-05-22 21:48:51,664 - httpx - INFO - HTTP Request: POST http://testserver/admin/rooms/add "HTTP/1.1 400 Bad Request"
2026-05-22 21:48:51,682 - httpx - INFO - HTTP Request: POST http://testserver/admin/rooms/add "HTTP/1.1 200 OK"
2026-05-22 21:48:51,683 - httpx - INFO - HTTP Request: POST http://testserver/admin/rooms/add "HTTP/1.1 200 OK"
2026-05-22 21:48:51,687 - httpx - INFO - HTTP Request: POST http://testserver/admin/rooms/2/edit "HTTP/1.1 400 Bad Request"
2026-05-22 21:48:51,706 - httpx - INFO - HTTP Request: POST http://testserver/admin/rooms/add "HTTP/1.1 200 OK"
2026-05-22 21:48:51,708 - httpx - INFO - HTTP Request: POST http://testserver/admin/rooms/add "HTTP/1.1 200 OK"
2026-05-22 21:48:51,710 - httpx - INFO - HTTP Request: POST http://testserver/admin/rooms/2/edit "HTTP/1.1 200 OK"
2026-05-22 21:48:51,780 - httpx - INFO - HTTP Request: POST http://testserver/admin/settings/save "HTTP/1.1 200 OK"
2026-05-22 21:48:51,853 - httpx - INFO - HTTP Request: POST http://testserver/admin/rooms/add "HTTP/1.1 200 OK"
2026-05-22 21:48:51,865 - httpx - INFO - HTTP Request: POST http://testserver/admin/registration/1/request-payment "HTTP/1.1 200 OK"
2026-05-22 21:48:51,959 - httpx - INFO - HTTP Request: POST http://testserver/admin/rooms/add "HTTP/1.1 200 OK"
2026-05-22 21:48:51,972 - httpx - INFO - HTTP Request: POST http://testserver/admin/invoice/1/confirm-cash "HTTP/1.1 200 OK"
2026-05-22 21:48:52,391 - security - ERROR - Decryption error: 
2026-05-23 12:49:22,975 - httpx - INFO - HTTP Request: GET http://testserver/admin/dashboard "HTTP/1.1 401 Unauthorized"
2026-05-23 12:49:23,069 - httpx - INFO - HTTP Request: POST http://testserver/admin/rooms/add "HTTP/1.1 200 OK"
2026-05-23 12:49:23,171 - httpx - INFO - HTTP Request: POST http://testserver/admin/rooms/add "HTTP/1.1 200 OK"
2026-05-23 12:49:23,180 - httpx - INFO - HTTP Request: POST http://testserver/admin/tenants/1/residents/add "HTTP/1.1 200 OK"
2026-05-23 12:49:23,183 - httpx - INFO - HTTP Request: GET http://testserver/admin/tenants/1/residents "HTTP/1.1 200 OK"
2026-05-23 12:49:23,187 - httpx - INFO - HTTP Request: POST http://testserver/admin/residents/1/edit "HTTP/1.1 200 OK"
2026-05-23 12:49:23,189 - httpx - INFO - HTTP Request: POST http://testserver/admin/residents/1/delete "HTTP/1.1 400 Bad Request"
2026-05-23 12:49:23,193 - httpx - INFO - HTTP Request: POST http://testserver/admin/tenants/1/residents/add "HTTP/1.1 200 OK"
2026-05-23 12:49:23,197 - httpx - INFO - HTTP Request: POST http://testserver/admin/residents/1/delete "HTTP/1.1 200 OK"
2026-05-23 12:49:23,289 - httpx - INFO - HTTP Request: POST http://testserver/admin/rooms/add "HTTP/1.1 200 OK"
2026-05-23 12:49:23,305 - httpx - INFO - HTTP Request: POST http://testserver/admin/meters/record "HTTP/1.1 200 OK"
2026-05-23 12:49:23,399 - httpx - INFO - HTTP Request: GET http://testserver/ "HTTP/1.1 200 OK"
2026-05-23 12:49:23,485 - httpx - INFO - HTTP Request: GET http://testserver/admin/dashboard "HTTP/1.1 401 Unauthorized"
2026-05-23 12:49:23,576 - httpx - INFO - HTTP Request: POST http://testserver/admin/rooms/add "HTTP/1.1 200 OK"
2026-05-23 12:49:23,663 - httpx - INFO - HTTP Request: POST http://testserver/admin/rooms/add "HTTP/1.1 200 OK"
2026-05-23 12:49:23,671 - httpx - INFO - HTTP Request: POST http://testserver/admin/tenants/1/residents/add "HTTP/1.1 200 OK"
2026-05-23 12:49:23,674 - httpx - INFO - HTTP Request: GET http://testserver/admin/tenants/1/residents "HTTP/1.1 200 OK"
2026-05-23 12:49:23,682 - httpx - INFO - HTTP Request: POST http://testserver/admin/residents/1/edit "HTTP/1.1 200 OK"
2026-05-23 12:49:23,685 - httpx - INFO - HTTP Request: POST http://testserver/admin/residents/1/delete "HTTP/1.1 400 Bad Request"
2026-05-23 12:49:23,689 - httpx - INFO - HTTP Request: POST http://testserver/admin/tenants/1/residents/add "HTTP/1.1 200 OK"
2026-05-23 12:49:23,694 - httpx - INFO - HTTP Request: POST http://testserver/admin/residents/1/delete "HTTP/1.1 200 OK"
2026-05-23 12:49:23,782 - httpx - INFO - HTTP Request: POST http://testserver/admin/rooms/add "HTTP/1.1 200 OK"
2026-05-23 12:49:23,796 - httpx - INFO - HTTP Request: POST http://testserver/admin/meters/record "HTTP/1.1 200 OK"
2026-05-23 12:49:23,892 - httpx - INFO - HTTP Request: GET http://testserver/bill/non_existent_uuid "HTTP/1.1 404 Not Found"
2026-05-23 12:49:23,895 - httpx - INFO - HTTP Request: GET http://testserver/bill/non_existent_uuid?lang=en "HTTP/1.1 404 Not Found"
2026-05-23 12:49:23,897 - httpx - INFO - HTTP Request: GET http://testserver/bill/non_existent_uuid?lang=jp "HTTP/1.1 404 Not Found"
2026-05-23 12:49:23,993 - httpx - INFO - HTTP Request: POST http://testserver/admin/rooms/add "HTTP/1.1 200 OK"
2026-05-23 12:49:24,317 - main - ERROR - Error creating personal rich menu: {"message":"Authentication failed. Confirm that the access token in the authorization header is valid."}
2026-05-23 12:49:24,325 - httpx - INFO - HTTP Request: POST http://testserver/admin/invoice/1/confirm-cash "HTTP/1.1 200 OK"
2026-05-23 12:49:24,442 - httpx - INFO - HTTP Request: POST http://testserver/register/314bfb7f-e07a-4ff3-a426-226ee8c33b79 "HTTP/1.1 200 OK"
2026-05-23 12:49:24,455 - httpx - INFO - HTTP Request: POST http://testserver/admin/registration/1/request-payment "HTTP/1.1 200 OK"
2026-05-23 12:49:24,465 - httpx - INFO - HTTP Request: POST http://testserver/admin/invoice/1/approve "HTTP/1.1 200 OK"
2026-05-23 12:49:24,536 - httpx - INFO - HTTP Request: POST http://testserver/repair/submit "HTTP/1.1 200 OK"
2026-05-23 12:49:24,541 - httpx - INFO - HTTP Request: POST http://testserver/repair/submit "HTTP/1.1 200 OK"
2026-05-23 12:49:24,561 - httpx - INFO - HTTP Request: POST http://testserver/admin/rooms/add "HTTP/1.1 200 OK"
2026-05-23 12:49:24,563 - httpx - INFO - HTTP Request: POST http://testserver/admin/rooms/add "HTTP/1.1 200 OK"
2026-05-23 12:49:24,582 - httpx - INFO - HTTP Request: POST http://testserver/admin/rooms/add "HTTP/1.1 200 OK"
2026-05-23 12:49:24,583 - httpx - INFO - HTTP Request: POST http://testserver/admin/rooms/add "HTTP/1.1 400 Bad Request"
2026-05-23 12:49:24,600 - httpx - INFO - HTTP Request: POST http://testserver/admin/rooms/add "HTTP/1.1 200 OK"
2026-05-23 12:49:24,602 - httpx - INFO - HTTP Request: POST http://testserver/admin/rooms/add "HTTP/1.1 200 OK"
2026-05-23 12:49:24,606 - httpx - INFO - HTTP Request: POST http://testserver/admin/rooms/2/edit "HTTP/1.1 400 Bad Request"
2026-05-23 12:49:24,625 - httpx - INFO - HTTP Request: POST http://testserver/admin/rooms/add "HTTP/1.1 200 OK"
2026-05-23 12:49:24,626 - httpx - INFO - HTTP Request: POST http://testserver/admin/rooms/add "HTTP/1.1 200 OK"
2026-05-23 12:49:24,629 - httpx - INFO - HTTP Request: POST http://testserver/admin/rooms/2/edit "HTTP/1.1 200 OK"
2026-05-23 12:49:24,692 - httpx - INFO - HTTP Request: POST http://testserver/admin/settings/save "HTTP/1.1 200 OK"
2026-05-23 12:49:24,764 - httpx - INFO - HTTP Request: POST http://testserver/admin/rooms/add "HTTP/1.1 200 OK"
2026-05-23 12:49:24,775 - httpx - INFO - HTTP Request: POST http://testserver/admin/registration/1/request-payment "HTTP/1.1 200 OK"
2026-05-23 12:49:24,872 - httpx - INFO - HTTP Request: POST http://testserver/admin/rooms/add "HTTP/1.1 200 OK"
2026-05-23 12:49:24,885 - httpx - INFO - HTTP Request: POST http://testserver/admin/invoice/1/confirm-cash "HTTP/1.1 200 OK"
2026-05-23 12:49:25,287 - security - ERROR - Decryption error: 
2026-05-23 12:50:34,060 - httpx - INFO - HTTP Request: GET http://testserver/admin/dashboard "HTTP/1.1 401 Unauthorized"
2026-05-23 12:50:34,159 - httpx - INFO - HTTP Request: POST http://testserver/admin/rooms/add "HTTP/1.1 200 OK"
2026-05-23 12:50:34,251 - httpx - INFO - HTTP Request: POST http://testserver/admin/rooms/add "HTTP/1.1 200 OK"
2026-05-23 12:50:34,259 - httpx - INFO - HTTP Request: POST http://testserver/admin/tenants/1/residents/add "HTTP/1.1 200 OK"
2026-05-23 12:50:34,263 - httpx - INFO - HTTP Request: GET http://testserver/admin/tenants/1/residents "HTTP/1.1 200 OK"
2026-05-23 12:50:34,267 - httpx - INFO - HTTP Request: POST http://testserver/admin/residents/1/edit "HTTP/1.1 200 OK"
2026-05-23 12:50:34,270 - httpx - INFO - HTTP Request: POST http://testserver/admin/residents/1/delete "HTTP/1.1 400 Bad Request"
2026-05-23 12:50:34,273 - httpx - INFO - HTTP Request: POST http://testserver/admin/tenants/1/residents/add "HTTP/1.1 200 OK"
2026-05-23 12:50:34,276 - httpx - INFO - HTTP Request: POST http://testserver/admin/residents/1/delete "HTTP/1.1 200 OK"
2026-05-23 12:50:34,367 - httpx - INFO - HTTP Request: POST http://testserver/admin/rooms/add "HTTP/1.1 200 OK"
2026-05-23 12:50:34,382 - httpx - INFO - HTTP Request: POST http://testserver/admin/meters/record "HTTP/1.1 200 OK"
2026-05-23 12:50:34,472 - httpx - INFO - HTTP Request: GET http://testserver/ "HTTP/1.1 200 OK"
2026-05-23 12:50:34,561 - httpx - INFO - HTTP Request: GET http://testserver/admin/dashboard "HTTP/1.1 401 Unauthorized"
2026-05-23 12:50:34,657 - httpx - INFO - HTTP Request: POST http://testserver/admin/rooms/add "HTTP/1.1 200 OK"
2026-05-23 12:50:34,749 - httpx - INFO - HTTP Request: POST http://testserver/admin/rooms/add "HTTP/1.1 200 OK"
2026-05-23 12:50:34,757 - httpx - INFO - HTTP Request: POST http://testserver/admin/tenants/1/residents/add "HTTP/1.1 200 OK"
2026-05-23 12:50:34,760 - httpx - INFO - HTTP Request: GET http://testserver/admin/tenants/1/residents "HTTP/1.1 200 OK"
2026-05-23 12:50:34,765 - httpx - INFO - HTTP Request: POST http://testserver/admin/residents/1/edit "HTTP/1.1 200 OK"
2026-05-23 12:50:34,768 - httpx - INFO - HTTP Request: POST http://testserver/admin/residents/1/delete "HTTP/1.1 400 Bad Request"
2026-05-23 12:50:34,772 - httpx - INFO - HTTP Request: POST http://testserver/admin/tenants/1/residents/add "HTTP/1.1 200 OK"
2026-05-23 12:50:34,776 - httpx - INFO - HTTP Request: POST http://testserver/admin/residents/1/delete "HTTP/1.1 200 OK"
2026-05-23 12:50:34,870 - httpx - INFO - HTTP Request: POST http://testserver/admin/rooms/add "HTTP/1.1 200 OK"
2026-05-23 12:50:34,884 - httpx - INFO - HTTP Request: POST http://testserver/admin/meters/record "HTTP/1.1 200 OK"
2026-05-23 12:50:34,977 - httpx - INFO - HTTP Request: GET http://testserver/bill/non_existent_uuid "HTTP/1.1 404 Not Found"
2026-05-23 12:50:34,979 - httpx - INFO - HTTP Request: GET http://testserver/bill/non_existent_uuid?lang=en "HTTP/1.1 404 Not Found"
2026-05-23 12:50:34,981 - httpx - INFO - HTTP Request: GET http://testserver/bill/non_existent_uuid?lang=jp "HTTP/1.1 404 Not Found"
2026-05-23 12:50:35,074 - httpx - INFO - HTTP Request: POST http://testserver/admin/rooms/add "HTTP/1.1 200 OK"
2026-05-23 12:50:35,387 - main - ERROR - Error creating personal rich menu: {"message":"Authentication failed. Confirm that the access token in the authorization header is valid."}
2026-05-23 12:50:35,394 - httpx - INFO - HTTP Request: POST http://testserver/admin/invoice/1/confirm-cash "HTTP/1.1 200 OK"
2026-05-23 12:50:35,510 - httpx - INFO - HTTP Request: POST http://testserver/register/061e3eb2-af8a-4220-bb29-abd52e8c7aef "HTTP/1.1 200 OK"
2026-05-23 12:50:35,523 - httpx - INFO - HTTP Request: POST http://testserver/admin/registration/1/request-payment "HTTP/1.1 200 OK"
2026-05-23 12:50:35,534 - httpx - INFO - HTTP Request: POST http://testserver/admin/invoice/1/approve "HTTP/1.1 200 OK"
2026-05-23 12:50:35,604 - httpx - INFO - HTTP Request: POST http://testserver/repair/submit "HTTP/1.1 200 OK"
2026-05-23 12:50:35,610 - httpx - INFO - HTTP Request: POST http://testserver/repair/submit "HTTP/1.1 200 OK"
2026-05-23 12:50:35,629 - httpx - INFO - HTTP Request: POST http://testserver/admin/rooms/add "HTTP/1.1 200 OK"
2026-05-23 12:50:35,631 - httpx - INFO - HTTP Request: POST http://testserver/admin/rooms/add "HTTP/1.1 200 OK"
2026-05-23 12:50:35,650 - httpx - INFO - HTTP Request: POST http://testserver/admin/rooms/add "HTTP/1.1 200 OK"
2026-05-23 12:50:35,652 - httpx - INFO - HTTP Request: POST http://testserver/admin/rooms/add "HTTP/1.1 400 Bad Request"
2026-05-23 12:50:35,670 - httpx - INFO - HTTP Request: POST http://testserver/admin/rooms/add "HTTP/1.1 200 OK"
2026-05-23 12:50:35,671 - httpx - INFO - HTTP Request: POST http://testserver/admin/rooms/add "HTTP/1.1 200 OK"
2026-05-23 12:50:35,674 - httpx - INFO - HTTP Request: POST http://testserver/admin/rooms/2/edit "HTTP/1.1 400 Bad Request"
2026-05-23 12:50:35,692 - httpx - INFO - HTTP Request: POST http://testserver/admin/rooms/add "HTTP/1.1 200 OK"
2026-05-23 12:50:35,694 - httpx - INFO - HTTP Request: POST http://testserver/admin/rooms/add "HTTP/1.1 200 OK"
2026-05-23 12:50:35,697 - httpx - INFO - HTTP Request: POST http://testserver/admin/rooms/2/edit "HTTP/1.1 200 OK"
2026-05-23 12:50:35,763 - httpx - INFO - HTTP Request: POST http://testserver/admin/settings/save "HTTP/1.1 200 OK"
2026-05-23 12:50:35,836 - httpx - INFO - HTTP Request: POST http://testserver/admin/rooms/add "HTTP/1.1 200 OK"
2026-05-23 12:50:35,847 - httpx - INFO - HTTP Request: POST http://testserver/admin/registration/1/request-payment "HTTP/1.1 200 OK"
2026-05-23 12:50:35,938 - httpx - INFO - HTTP Request: POST http://testserver/admin/rooms/add "HTTP/1.1 200 OK"
2026-05-23 12:50:35,950 - httpx - INFO - HTTP Request: POST http://testserver/admin/invoice/1/confirm-cash "HTTP/1.1 200 OK"
2026-05-23 12:50:36,360 - security - ERROR - Decryption error: 
2026-05-23 12:52:47,900 - httpx - INFO - HTTP Request: GET http://testserver/admin/dashboard "HTTP/1.1 401 Unauthorized"
2026-05-23 12:52:47,996 - httpx - INFO - HTTP Request: POST http://testserver/admin/rooms/add "HTTP/1.1 200 OK"
2026-05-23 12:52:48,093 - httpx - INFO - HTTP Request: POST http://testserver/admin/rooms/add "HTTP/1.1 200 OK"
2026-05-23 12:52:48,102 - httpx - INFO - HTTP Request: POST http://testserver/admin/tenants/1/residents/add "HTTP/1.1 200 OK"
2026-05-23 12:52:48,104 - httpx - INFO - HTTP Request: GET http://testserver/admin/tenants/1/residents "HTTP/1.1 200 OK"
2026-05-23 12:52:48,108 - httpx - INFO - HTTP Request: POST http://testserver/admin/residents/1/edit "HTTP/1.1 200 OK"
2026-05-23 12:52:48,112 - httpx - INFO - HTTP Request: POST http://testserver/admin/residents/1/delete "HTTP/1.1 400 Bad Request"
2026-05-23 12:52:48,116 - httpx - INFO - HTTP Request: POST http://testserver/admin/tenants/1/residents/add "HTTP/1.1 200 OK"
2026-05-23 12:52:48,119 - httpx - INFO - HTTP Request: POST http://testserver/admin/residents/1/delete "HTTP/1.1 200 OK"
2026-05-23 12:52:48,214 - httpx - INFO - HTTP Request: POST http://testserver/admin/rooms/add "HTTP/1.1 200 OK"
2026-05-23 12:52:48,231 - httpx - INFO - HTTP Request: POST http://testserver/admin/meters/record "HTTP/1.1 200 OK"
2026-05-23 12:52:48,324 - httpx - INFO - HTTP Request: GET http://testserver/ "HTTP/1.1 200 OK"
2026-05-23 12:52:48,417 - httpx - INFO - HTTP Request: GET http://testserver/admin/dashboard "HTTP/1.1 401 Unauthorized"
2026-05-23 12:52:48,513 - httpx - INFO - HTTP Request: POST http://testserver/admin/rooms/add "HTTP/1.1 200 OK"
2026-05-23 12:52:48,606 - httpx - INFO - HTTP Request: POST http://testserver/admin/rooms/add "HTTP/1.1 200 OK"
2026-05-23 12:52:48,615 - httpx - INFO - HTTP Request: POST http://testserver/admin/tenants/1/residents/add "HTTP/1.1 200 OK"
2026-05-23 12:52:48,618 - httpx - INFO - HTTP Request: GET http://testserver/admin/tenants/1/residents "HTTP/1.1 200 OK"
2026-05-23 12:52:48,623 - httpx - INFO - HTTP Request: POST http://testserver/admin/residents/1/edit "HTTP/1.1 200 OK"
2026-05-23 12:52:48,627 - httpx - INFO - HTTP Request: POST http://testserver/admin/residents/1/delete "HTTP/1.1 400 Bad Request"
2026-05-23 12:52:48,631 - httpx - INFO - HTTP Request: POST http://testserver/admin/tenants/1/residents/add "HTTP/1.1 200 OK"
2026-05-23 12:52:48,636 - httpx - INFO - HTTP Request: POST http://testserver/admin/residents/1/delete "HTTP/1.1 200 OK"
2026-05-23 12:52:48,735 - httpx - INFO - HTTP Request: POST http://testserver/admin/rooms/add "HTTP/1.1 200 OK"
2026-05-23 12:52:48,749 - httpx - INFO - HTTP Request: POST http://testserver/admin/meters/record "HTTP/1.1 200 OK"
2026-05-23 12:52:48,844 - httpx - INFO - HTTP Request: GET http://testserver/bill/non_existent_uuid "HTTP/1.1 404 Not Found"
2026-05-23 12:52:48,846 - httpx - INFO - HTTP Request: GET http://testserver/bill/non_existent_uuid?lang=en "HTTP/1.1 404 Not Found"
2026-05-23 12:52:48,848 - httpx - INFO - HTTP Request: GET http://testserver/bill/non_existent_uuid?lang=jp "HTTP/1.1 404 Not Found"
2026-05-23 12:52:48,942 - httpx - INFO - HTTP Request: POST http://testserver/admin/rooms/add "HTTP/1.1 200 OK"
2026-05-23 12:52:49,326 - main - ERROR - Error creating personal rich menu: {"message":"Authentication failed. Confirm that the access token in the authorization header is valid."}
2026-05-23 12:52:49,335 - httpx - INFO - HTTP Request: POST http://testserver/admin/invoice/1/confirm-cash "HTTP/1.1 200 OK"
2026-05-23 12:52:49,458 - httpx - INFO - HTTP Request: POST http://testserver/register/7974ad43-cc9c-47b9-85e4-3f6e54795e77 "HTTP/1.1 200 OK"
2026-05-23 12:52:49,471 - httpx - INFO - HTTP Request: POST http://testserver/admin/registration/1/request-payment "HTTP/1.1 200 OK"
2026-05-23 12:52:49,482 - httpx - INFO - HTTP Request: POST http://testserver/admin/invoice/1/approve "HTTP/1.1 200 OK"
2026-05-23 12:52:49,557 - httpx - INFO - HTTP Request: POST http://testserver/repair/submit "HTTP/1.1 200 OK"
2026-05-23 12:52:49,563 - httpx - INFO - HTTP Request: POST http://testserver/repair/submit "HTTP/1.1 200 OK"
2026-05-23 12:52:49,583 - httpx - INFO - HTTP Request: POST http://testserver/admin/rooms/add "HTTP/1.1 200 OK"
2026-05-23 12:52:49,585 - httpx - INFO - HTTP Request: POST http://testserver/admin/rooms/add "HTTP/1.1 200 OK"
2026-05-23 12:52:49,604 - httpx - INFO - HTTP Request: POST http://testserver/admin/rooms/add "HTTP/1.1 200 OK"
2026-05-23 12:52:49,605 - httpx - INFO - HTTP Request: POST http://testserver/admin/rooms/add "HTTP/1.1 400 Bad Request"
2026-05-23 12:52:49,624 - httpx - INFO - HTTP Request: POST http://testserver/admin/rooms/add "HTTP/1.1 200 OK"
2026-05-23 12:52:49,626 - httpx - INFO - HTTP Request: POST http://testserver/admin/rooms/add "HTTP/1.1 200 OK"
2026-05-23 12:52:49,629 - httpx - INFO - HTTP Request: POST http://testserver/admin/rooms/2/edit "HTTP/1.1 400 Bad Request"
2026-05-23 12:52:49,648 - httpx - INFO - HTTP Request: POST http://testserver/admin/rooms/add "HTTP/1.1 200 OK"
2026-05-23 12:52:49,650 - httpx - INFO - HTTP Request: POST http://testserver/admin/rooms/add "HTTP/1.1 200 OK"
2026-05-23 12:52:49,652 - httpx - INFO - HTTP Request: POST http://testserver/admin/rooms/2/edit "HTTP/1.1 200 OK"
2026-05-23 12:52:49,719 - httpx - INFO - HTTP Request: POST http://testserver/admin/settings/save "HTTP/1.1 200 OK"
2026-05-23 12:52:49,794 - httpx - INFO - HTTP Request: POST http://testserver/admin/rooms/add "HTTP/1.1 200 OK"
2026-05-23 12:52:49,806 - httpx - INFO - HTTP Request: POST http://testserver/admin/registration/1/request-payment "HTTP/1.1 200 OK"
2026-05-23 12:52:49,902 - httpx - INFO - HTTP Request: POST http://testserver/admin/rooms/add "HTTP/1.1 200 OK"
2026-05-23 12:52:49,915 - httpx - INFO - HTTP Request: POST http://testserver/admin/invoice/1/confirm-cash "HTTP/1.1 200 OK"
2026-05-23 12:52:50,334 - security - ERROR - Decryption error: 
